// Jest Snapshot v1, https://goo.gl/fbAQLP

exports[`shallow Forecast should render correctly 1`] = `undefined`;
