// Jest Snapshot v1, https://goo.gl/fbAQLP

exports[`shallow TubeMap should render correctly 1`] = `
<div>
  <img
    alt="Tube Map"
    src="test-file-stub"
  />
</div>
`;
